.\gradlew.bat : WARNING: A 
restricted method in 
java.lang.System has been 
called
At line:1 char:1
+ .\gradlew.bat build -x 
test --no-daemon 2>&1 | 
Out-File -FilePath bui ...
+ ~~~~~~~~~~~~~~~~~~~~~~~~~~
~~~~~~~~~~~~~~~~~~
    + CategoryInfo          
    : NotSpecified: (WARNI  
  NG: A rest...has been c   
 alled:String) [], Remot    
eException
    + FullyQualifiedErrorId 
    : NativeCommandError
 
WARNING: 
java.lang.System::load has 
been called by net.rubygrape
fruit.platform.internal.Nati
veLibraryLoader in an 
unnamed module (file:/C:/Use
rs/ASUS/.gradle/wrapper/dist
s/gradle-9.2.1-bin/2t0n5ozlw
9xmuyvbp7dnzaxug/gradle-9.2.
1/lib/native-platform-0.22-m
ilestone-29.jar)
WARNING: Use --enable-native
-access=ALL-UNNAMED to 
avoid a warning for callers 
in this module
WARNING: Restricted methods 
will be blocked in a future 
release unless native 
access is enabled

To honour the JVM settings for this build a single-use Daemon process will be forked. For more on this, please refer to https://docs.gradle.org/9.2.1/userguide/gradle_daemon.html#sec:disabling_the_daemon in the Gradle documentation.
Daemon will be stopped at the end of the build 

> Task :app:compileJava
Note: C:\KALIADMIN\aplikasij
ava\app\src\main\java\com\jo
ko\aplikasijava\utils\Format
Utils.java uses or 
overrides a deprecated API.
Note: Recompile with 
-Xlint:deprecation for 
details.
Note: C:\KALIADMIN\aplikasij
ava\app\src\main\java\com\jo
ko\aplikasijava\gui\Dashboar
dScreen.java uses unchecked 
or unsafe operations.
Note: Recompile with 
-Xlint:unchecked for 
details.

> Task :app:processResources
> Task :app:classes
> Task :app:jar
> Task :app:startScripts
> Task :app:distTar
> Task :app:distZip
> Task :app:assemble
> Task :app:check
> Task :app:build

[Incubating] Problems report is available at: file:///C:/KALIADMIN/aplikasijava/build/reports/problems/problems-report.html

BUILD SUCCESSFUL in 55s
6 actionable tasks: 6 executed
Consider enabling configuration cache to speed up this build: https://docs.gradle.org/9.2.1/userguide/configuration_cache_enabling.html
